<!DOCTYPE html>
<html lang="en">
<head>
    <meta charset="UTF-8">
    <title>ADCL-REPORT</title>
    <style>


        #center {
            margin-left: 20%;
            margin-right: 25%;
            font-family: "Helvetica Neue", Helvetica, Arial, sans-serif;
        }

        #inputField {
            width: 85%;
            font-size: 16px;
            padding: 12px 20px 12px 40px;
            border: 1px solid #ddd;
            margin-bottom: 12px;
        }

        #dependencyList {
            width: 100%;
            list-style-type: none;
            padding: 0;
            margin: 0;
        }

        #dependencyList li fieldset {
            background-color: #f6f6f6;
            font-size: 14px;
            color: black;
            display: block;
        }

        #dependencyList li fieldset:hover:not(.header) {
            background-color: #eee;
        }

        #content {
            cursor: pointer;
            word-break: break-all;
            overflow: hidden;
            white-space: nowrap;
            max-width: 100ch;
            text-overflow: ellipsis;
            margin-top: 2px;

        }

        fieldset {
            min-width: 0;
            text-overflow: ellipsis;
            overflow: hidden;
        }

        legend {
            min-width: 0;
            max-width: 100%;
            white-space: nowrap;
            text-overflow: ellipsis;
            overflow: hidden;
        }

        #highlight {
            font-family: monospace;
            background-color: lightgray;
        }

        #content:hover {
            overflow: visible;
            white-space: normal;
            height: auto;
        }

        b {
            font-family: "Helvetica Neue", Helvetica, Arial, sans-serif;
            background-color: #f6f6f6;
            height: 100%;
        }

        #search {
            display: flex;
        }

        table {
            font-family: arial, sans-serif;
            border-collapse: collapse;
            width: 70px;
            font-size: 6pt;
        }

        td, th {
            border: 1px solid #dddddd;
            text-align: left;
            padding: 2px;
        }

        td {
            text-align: center;
        }

        .greenBackground {
            background-color: lightgreen;
        }

        th {
            background-color: #dddddd;
        }

        th.diagonalFalling {
            background: linear-gradient(to right top, #ffffff 0%, #ffffff 49.9%, #000000 50%, #000000 51%, #ffffff 51.1%, #ffffff 100%);
        }
        #thLowLeft {
            font-size:5pt;
            margin-bottom:-2px;
        }
        #thHighRight {
            font-size:5pt;
            margin-top:-2px;
            text-align:right;
        }

        #pomDiv {
            position: absolute;
            top: 142px;
            left: 80%;
            width: 15%;
            max-width: 20%;
            border: 1px solid gray;
            font-family: "Helvetica Neue", Helvetica, Arial, sans-serif;
            text-align: center;
        }
        #pomTable {
            font-size: 14px;
            width: 100%;
            text-align: center;
            table-layout:fixed;
        }
        #pomTable th {
            text-align: center;
        }
        #pomTable td {
            white-space: nowrap;
            text-overflow: ellipsis;
            overflow: hidden;
            max-width: 20ch;
        }
        #pomTable td:hover {
            overflow: visible;
            white-space: normal;
        }
        #pomNewVersion {
            width: 35%;
        }
    </style>
    <script>
        var scope = [
            [true, false, false, false],
            [false, true, false, false],
            [false, false, true, false]
        ];
        const PACKAGE = "PACKAGE";
        const CLASS = "CLASS";
        const METHOD = "METHOD";
        const PROJECT = "PROJECT";

        function search() {
            // Declare variables
            var input, filter, ul, li, fieldSet, i, txtValue, spanDep, spanUsedBy;
            input = document.getElementById('inputField');
            filter = input.value.toUpperCase();
            ul = document.getElementById("dependencyList");
            li = ul.getElementsByTagName('LI');

            // Loop through all list items, and hide those who don't match the search query
            for (i = 0; i < li.length; i++) {
                fieldSet = li[i].getElementsByTagName("FIELDSET")[0];
                spanDep = fieldSet.getElementsByTagName("DIV")[0].getElementsByTagName("SPAN")[0];
                spanUsedBy = fieldSet.getElementsByTagName("DIV")[1].getElementsByTagName("SPAN")[0];
                if (
                    li[i].usedByType === PACKAGE && li[i].dependencyType === PACKAGE && scope[0][0] ||
                    li[i].usedByType === PACKAGE && li[i].dependencyType === CLASS && scope[0][1] ||
                    li[i].usedByType === PACKAGE && li[i].dependencyType === METHOD && scope[0][2] ||
                    li[i].usedByType === PACKAGE && li[i].dependencyType === PROJECT && scope[0][3] ||
                    li[i].usedByType === CLASS && li[i].dependencyType === PACKAGE && scope[1][0] ||
                    li[i].usedByType === CLASS && li[i].dependencyType === CLASS && scope[1][1] ||
                    li[i].usedByType === CLASS && li[i].dependencyType === METHOD && scope[1][2] ||
                    li[i].usedByType === CLASS && li[i].dependencyType === PROJECT && scope[1][3] ||
                    li[i].usedByType === METHOD && li[i].dependencyType === PACKAGE && scope[2][0] ||
                    li[i].usedByType === METHOD && li[i].dependencyType === CLASS && scope[2][1] ||
                    li[i].usedByType === METHOD && li[i].dependencyType === METHOD && scope[2][2] ||
                    li[i].usedByType === METHOD && li[i].dependencyType === PROJECT && scope[2][3]
                ) {
                    txtValue = spanDep.textContent + " " + spanUsedBy.textContent;
                    if (txtValue.toUpperCase().indexOf(filter) > -1) {
                        li[i].style.display = "";
                    } else {
                        li[i].style.display = "none";
                    }
                } else {
                    li[i].style.display = "none";
                }
            }
        }

        function toggleScope(element, row, col) {
            scope[row][col] = !scope[row][col];
            if (scope[row][col]) {
                element.setAttribute("CLASS", "greenBackground");
                element.innerHTML = "ðŸ—¸";
            } else {
                element.setAttribute("CLASS", "");
                element.innerHTML = "";
            }
            search();
        }

var data_dependencies = [ {
  "syntheticStart" : true,
  "usedByType" : "PACKAGE",
  "usedByPath" : "de-fhbingen:epro.de",
  "usedByName" : "de",
  "syntheticEnd" : false,
  "dependencyType" : "METHOD",
  "dependencyPath" : "de-fhbingen:epro.de.fhbingen.epro.vl5.spring.nosql.user.NoSqlUser.<init>()",
  "dependencyName" : "<init>()",
  "changeStatus" : true
}, {
  "syntheticStart" : true,
  "usedByType" : "PACKAGE",
  "usedByPath" : "de-fhbingen:epro.de.fhbingen.epro.vl5.spring.sql",
  "usedByName" : "sql",
  "syntheticEnd" : true,
  "dependencyType" : "PACKAGE",
  "dependencyPath" : "de-fhbingen:epro.de.fhbingen.epro.vl5.spring.nosql",
  "dependencyName" : "nosql",
  "changeStatus" : true
}, {
  "syntheticStart" : true,
  "usedByType" : "CLASS",
  "usedByPath" : "de-fhbingen:epro.de.fhbingen.epro.vl5.spring.sql.user.User",
  "usedByName" : "User",
  "syntheticEnd" : false,
  "dependencyType" : "METHOD",
  "dependencyPath" : "de-fhbingen:epro.de.fhbingen.epro.vl5.spring.nosql.user.NoSqlUser.setName(java.lang.String)",
  "dependencyName" : "setName(java.lang.String)",
  "changeStatus" : true
}, {
  "syntheticStart" : true,
  "usedByType" : "PACKAGE",
  "usedByPath" : "de-fhbingen:epro.de.fhbingen.epro",
  "usedByName" : "epro",
  "syntheticEnd" : false,
  "dependencyType" : "METHOD",
  "dependencyPath" : "de-fhbingen:epro.de.fhbingen.epro.vl5.spring.nosql.user.NoSqlUser.<init>()",
  "dependencyName" : "<init>()",
  "changeStatus" : true
}, {
  "syntheticStart" : true,
  "usedByType" : "PACKAGE",
  "usedByPath" : "de-fhbingen:epro.de.fhbingen",
  "usedByName" : "fhbingen",
  "syntheticEnd" : false,
  "dependencyType" : "METHOD",
  "dependencyPath" : "de-fhbingen:epro.de.fhbingen.epro.vl5.spring.nosql.user.NoSqlUser.<init>()",
  "dependencyName" : "<init>()",
  "changeStatus" : true
}, {
  "syntheticStart" : true,
  "usedByType" : "CLASS",
  "usedByPath" : "de-fhbingen:epro.de.fhbingen.epro.vl5.spring.sql.user.User",
  "usedByName" : "User",
  "syntheticEnd" : false,
  "dependencyType" : "METHOD",
  "dependencyPath" : "de-fhbingen:epro.de.fhbingen.epro.vl5.spring.nosql.user.NoSqlUser.<init>()",
  "dependencyName" : "<init>()",
  "changeStatus" : true
}, {
  "syntheticStart" : false,
  "usedByType" : "METHOD",
  "usedByPath" : "de-fhbingen:epro.de.fhbingen.epro.vl5.spring.sql.user.User.<init>(java.lang.String)",
  "usedByName" : "<init>(java.lang.String)",
  "syntheticEnd" : true,
  "dependencyType" : "PACKAGE",
  "dependencyPath" : "de-fhbingen:epro.de.fhbingen.epro.vl5.spring.nosql.user",
  "dependencyName" : "user",
  "changeStatus" : true
}, {
  "syntheticStart" : false,
  "usedByType" : "METHOD",
  "usedByPath" : "de-fhbingen:epro.de.fhbingen.epro.vl5.spring.sql.user.User.<init>(java.lang.String)",
  "usedByName" : "<init>(java.lang.String)",
  "syntheticEnd" : false,
  "dependencyType" : "METHOD",
  "dependencyPath" : "de-fhbingen:epro.de.fhbingen.epro.vl5.spring.nosql.user.NoSqlUser.<init>()",
  "dependencyName" : "<init>()",
  "changeStatus" : true
}, {
  "syntheticStart" : true,
  "usedByType" : "PACKAGE",
  "usedByPath" : "de-fhbingen:epro.de.fhbingen.epro.vl5.spring.sql.user",
  "usedByName" : "user",
  "syntheticEnd" : true,
  "dependencyType" : "PACKAGE",
  "dependencyPath" : "de-fhbingen:epro.de.fhbingen.epro.vl5.spring.nosql.user",
  "dependencyName" : "user",
  "changeStatus" : true
}, {
  "syntheticStart" : true,
  "usedByType" : "CLASS",
  "usedByPath" : "de-fhbingen:epro.de.fhbingen.epro.vl5.spring.sql.user.User",
  "usedByName" : "User",
  "syntheticEnd" : true,
  "dependencyType" : "PACKAGE",
  "dependencyPath" : "de-fhbingen:epro.de.fhbingen.epro.vl5.spring.nosql",
  "dependencyName" : "nosql",
  "changeStatus" : true
}, {
  "syntheticStart" : true,
  "usedByType" : "PACKAGE",
  "usedByPath" : "de-fhbingen:epro.de.fhbingen.epro.vl5.spring.sql",
  "usedByName" : "sql",
  "syntheticEnd" : false,
  "dependencyType" : "METHOD",
  "dependencyPath" : "de-fhbingen:epro.de.fhbingen.epro.vl5.spring.nosql.user.NoSqlUser.setName(java.lang.String)",
  "dependencyName" : "setName(java.lang.String)",
  "changeStatus" : true
}, {
  "syntheticStart" : true,
  "usedByType" : "PACKAGE",
  "usedByPath" : "de-fhbingen:epro.de.fhbingen.epro.vl5.spring.sql.user",
  "usedByName" : "user",
  "syntheticEnd" : false,
  "dependencyType" : "METHOD",
  "dependencyPath" : "de-fhbingen:epro.de.fhbingen.epro.vl5.spring.nosql.user.NoSqlUser.setName(java.lang.String)",
  "dependencyName" : "setName(java.lang.String)",
  "changeStatus" : true
}, {
  "syntheticStart" : true,
  "usedByType" : "PACKAGE",
  "usedByPath" : "de-fhbingen:epro.de.fhbingen.epro.vl5",
  "usedByName" : "vl5",
  "syntheticEnd" : false,
  "dependencyType" : "METHOD",
  "dependencyPath" : "de-fhbingen:epro.de.fhbingen.epro.vl5.spring.nosql.user.NoSqlUser.setName(java.lang.String)",
  "dependencyName" : "setName(java.lang.String)",
  "changeStatus" : true
}, {
  "syntheticStart" : false,
  "usedByType" : "METHOD",
  "usedByPath" : "de-fhbingen:epro.de.fhbingen.epro.vl5.spring.sql.user.User.<init>(java.lang.String)",
  "usedByName" : "<init>(java.lang.String)",
  "syntheticEnd" : true,
  "dependencyType" : "PACKAGE",
  "dependencyPath" : "de-fhbingen:epro.de.fhbingen.epro.vl5.spring.nosql",
  "dependencyName" : "nosql",
  "changeStatus" : true
}, {
  "syntheticStart" : true,
  "usedByType" : "PACKAGE",
  "usedByPath" : "de-fhbingen:epro.de.fhbingen.epro.vl5",
  "usedByName" : "vl5",
  "syntheticEnd" : false,
  "dependencyType" : "METHOD",
  "dependencyPath" : "de-fhbingen:epro.de.fhbingen.epro.vl5.spring.nosql.user.NoSqlUser.<init>()",
  "dependencyName" : "<init>()",
  "changeStatus" : true
}, {
  "syntheticStart" : true,
  "usedByType" : "PACKAGE",
  "usedByPath" : "de-fhbingen:epro.de.fhbingen.epro.vl5.spring.sql",
  "usedByName" : "sql",
  "syntheticEnd" : true,
  "dependencyType" : "PACKAGE",
  "dependencyPath" : "de-fhbingen:epro.de.fhbingen.epro.vl5.spring.nosql.user",
  "dependencyName" : "user",
  "changeStatus" : true
}, {
  "syntheticStart" : true,
  "usedByType" : "PACKAGE",
  "usedByPath" : "de-fhbingen:epro.de.fhbingen.epro.vl5.spring.sql",
  "usedByName" : "sql",
  "syntheticEnd" : false,
  "dependencyType" : "METHOD",
  "dependencyPath" : "de-fhbingen:epro.de.fhbingen.epro.vl5.spring.nosql.user.NoSqlUser.<init>()",
  "dependencyName" : "<init>()",
  "changeStatus" : true
}, {
  "syntheticStart" : true,
  "usedByType" : "PACKAGE",
  "usedByPath" : "de-fhbingen:epro.de.fhbingen.epro.vl5.spring",
  "usedByName" : "spring",
  "syntheticEnd" : false,
  "dependencyType" : "METHOD",
  "dependencyPath" : "de-fhbingen:epro.de.fhbingen.epro.vl5.spring.nosql.user.NoSqlUser.setName(java.lang.String)",
  "dependencyName" : "setName(java.lang.String)",
  "changeStatus" : true
}, {
  "syntheticStart" : true,
  "usedByType" : "CLASS",
  "usedByPath" : "de-fhbingen:epro.de.fhbingen.epro.vl5.spring.sql.user.User",
  "usedByName" : "User",
  "syntheticEnd" : false,
  "dependencyType" : "CLASS",
  "dependencyPath" : "de-fhbingen:epro.de.fhbingen.epro.vl5.spring.nosql.user.NoSqlUser",
  "dependencyName" : "NoSqlUser",
  "changeStatus" : true
}, {
  "syntheticStart" : true,
  "usedByType" : "PACKAGE",
  "usedByPath" : "de-fhbingen:epro.de.fhbingen.epro.vl5.spring.sql.user",
  "usedByName" : "user",
  "syntheticEnd" : false,
  "dependencyType" : "CLASS",
  "dependencyPath" : "de-fhbingen:epro.de.fhbingen.epro.vl5.spring.nosql.user.NoSqlUser",
  "dependencyName" : "NoSqlUser",
  "changeStatus" : true
}, {
  "syntheticStart" : true,
  "usedByType" : "PROJECT",
  "usedByPath" : "de-fhbingen:epro",
  "usedByName" : "de-fhbingen:epro",
  "syntheticEnd" : false,
  "dependencyType" : "METHOD",
  "dependencyPath" : "de-fhbingen:epro.de.fhbingen.epro.vl5.spring.nosql.user.NoSqlUser.setName(java.lang.String)",
  "dependencyName" : "setName(java.lang.String)",
  "changeStatus" : true
}, {
  "syntheticStart" : true,
  "usedByType" : "CLASS",
  "usedByPath" : "de-fhbingen:epro.de.fhbingen.epro.vl5.spring.sql.user.User",
  "usedByName" : "User",
  "syntheticEnd" : true,
  "dependencyType" : "PACKAGE",
  "dependencyPath" : "de-fhbingen:epro.de.fhbingen.epro.vl5.spring.nosql.user",
  "dependencyName" : "user",
  "changeStatus" : true
}, {
  "syntheticStart" : true,
  "usedByType" : "PACKAGE",
  "usedByPath" : "de-fhbingen:epro.de",
  "usedByName" : "de",
  "syntheticEnd" : false,
  "dependencyType" : "METHOD",
  "dependencyPath" : "de-fhbingen:epro.de.fhbingen.epro.vl5.spring.nosql.user.NoSqlUser.setName(java.lang.String)",
  "dependencyName" : "setName(java.lang.String)",
  "changeStatus" : true
}, {
  "syntheticStart" : false,
  "usedByType" : "METHOD",
  "usedByPath" : "de-fhbingen:epro.de.fhbingen.epro.vl5.spring.sql.user.User.<init>(java.lang.String)",
  "usedByName" : "<init>(java.lang.String)",
  "syntheticEnd" : false,
  "dependencyType" : "METHOD",
  "dependencyPath" : "de-fhbingen:epro.de.fhbingen.epro.vl5.spring.nosql.user.NoSqlUser.setName(java.lang.String)",
  "dependencyName" : "setName(java.lang.String)",
  "changeStatus" : true
}, {
  "syntheticStart" : true,
  "usedByType" : "PACKAGE",
  "usedByPath" : "de-fhbingen:epro.de.fhbingen.epro.vl5.spring.sql",
  "usedByName" : "sql",
  "syntheticEnd" : false,
  "dependencyType" : "CLASS",
  "dependencyPath" : "de-fhbingen:epro.de.fhbingen.epro.vl5.spring.nosql.user.NoSqlUser",
  "dependencyName" : "NoSqlUser",
  "changeStatus" : true
}, {
  "syntheticStart" : true,
  "usedByType" : "PACKAGE",
  "usedByPath" : "de-fhbingen:epro.de.fhbingen.epro.vl5.spring",
  "usedByName" : "spring",
  "syntheticEnd" : false,
  "dependencyType" : "METHOD",
  "dependencyPath" : "de-fhbingen:epro.de.fhbingen.epro.vl5.spring.nosql.user.NoSqlUser.<init>()",
  "dependencyName" : "<init>()",
  "changeStatus" : true
}, {
  "syntheticStart" : true,
  "usedByType" : "PROJECT",
  "usedByPath" : "de-fhbingen:epro",
  "usedByName" : "de-fhbingen:epro",
  "syntheticEnd" : false,
  "dependencyType" : "METHOD",
  "dependencyPath" : "de-fhbingen:epro.de.fhbingen.epro.vl5.spring.nosql.user.NoSqlUser.<init>()",
  "dependencyName" : "<init>()",
  "changeStatus" : true
}, {
  "syntheticStart" : true,
  "usedByType" : "PACKAGE",
  "usedByPath" : "de-fhbingen:epro.de.fhbingen.epro.vl5.spring.sql.user",
  "usedByName" : "user",
  "syntheticEnd" : false,
  "dependencyType" : "METHOD",
  "dependencyPath" : "de-fhbingen:epro.de.fhbingen.epro.vl5.spring.nosql.user.NoSqlUser.<init>()",
  "dependencyName" : "<init>()",
  "changeStatus" : true
}, {
  "syntheticStart" : true,
  "usedByType" : "PACKAGE",
  "usedByPath" : "de-fhbingen:epro.de.fhbingen.epro",
  "usedByName" : "epro",
  "syntheticEnd" : false,
  "dependencyType" : "METHOD",
  "dependencyPath" : "de-fhbingen:epro.de.fhbingen.epro.vl5.spring.nosql.user.NoSqlUser.setName(java.lang.String)",
  "dependencyName" : "setName(java.lang.String)",
  "changeStatus" : true
}, {
  "syntheticStart" : false,
  "usedByType" : "METHOD",
  "usedByPath" : "de-fhbingen:epro.de.fhbingen.epro.vl5.spring.sql.user.User.<init>(java.lang.String)",
  "usedByName" : "<init>(java.lang.String)",
  "syntheticEnd" : false,
  "dependencyType" : "CLASS",
  "dependencyPath" : "de-fhbingen:epro.de.fhbingen.epro.vl5.spring.nosql.user.NoSqlUser",
  "dependencyName" : "NoSqlUser",
  "changeStatus" : true
}, {
  "syntheticStart" : true,
  "usedByType" : "PACKAGE",
  "usedByPath" : "de-fhbingen:epro.de.fhbingen",
  "usedByName" : "fhbingen",
  "syntheticEnd" : false,
  "dependencyType" : "METHOD",
  "dependencyPath" : "de-fhbingen:epro.de.fhbingen.epro.vl5.spring.nosql.user.NoSqlUser.setName(java.lang.String)",
  "dependencyName" : "setName(java.lang.String)",
  "changeStatus" : true
}, {
  "syntheticStart" : true,
  "usedByType" : "PACKAGE",
  "usedByPath" : "de-fhbingen:epro.de.fhbingen.epro.vl5.spring.sql.user",
  "usedByName" : "user",
  "syntheticEnd" : true,
  "dependencyType" : "PACKAGE",
  "dependencyPath" : "de-fhbingen:epro.de.fhbingen.epro.vl5.spring.nosql",
  "dependencyName" : "nosql",
  "changeStatus" : true
} ];
var data_pom = [ {
  "newVersion" : "3.5.14",
  "toProject" : "org-neo4j:neo4j"
}, {
  "newVersion" : "5.2.3.RELEASE",
  "toProject" : "org-springframework:spring"
} ];
    </script>
</head>
<body>
<div id="center">
<h3>Project: de-fhbingen:epro/1.1-SNAPSHOT</h3>
    <div id="search">
        <input type="text" id="inputField" onkeyup="search()"
               placeholder="Search for Packages, Classes, Methods or Dependencies">
        <div style="margin-bottom: 12px">
            <table>
                <tr>
                    <th class="diagonalFalling">
                        <div id="thHighRight">to</div>
                        <div id="thLowLeft">from</div>
                    </th>
                    <th>Package</th>
                    <th>Class</th>
                    <th>Method</th>
                    <th>Project</th>
                </tr>
                <tr>
                    <th>Package</th>
                    <td onclick="toggleScope(this,0,0)" class="greenBackground"> ðŸ—¸</td>
                    <td onclick="toggleScope(this,0,1)"></td>
                    <td onclick="toggleScope(this,0,2)"></td>
                    <td onclick="toggleScope(this,0,3)"></td>
                </tr>
                <tr>
                    <th>Class</th>
                    <td onclick="toggleScope(this,1,0)"></td>
                    <td onclick="toggleScope(this,1,1)" class="greenBackground">ðŸ—¸</td>
                    <td onclick="toggleScope(this,1,2)"></td>
                    <td onclick="toggleScope(this,1,3)"></td>
                </tr>
                <tr>
                    <th>Method</th>
                    <td onclick="toggleScope(this,2,0)"></td>
                    <td onclick="toggleScope(this,2,1)"></td>
                    <td onclick="toggleScope(this,2,2)" class="greenBackground">ðŸ—¸</td>
                    <td onclick="toggleScope(this,2,3)"></td>
                </tr>
            </table>
        </div>
    </div>
    <ul id="dependencyList"></ul>
</div>
<div id="pomDiv">
    <label> <b>Pom Changes</b> </label>
    <table id="pomTable">
        <tr>
            <th>Project</th>
            <th id="pomNewVersion">new Version</th>
        </tr>
    </table>
</div>
<script>
    var dependencyList = document.getElementById("dependencyList");
    var li;

    data_dependencies.forEach(dep => {
        li = document.createElement("LI");

        if (dep.changeStatus === true) {
            li.appendChild(createListEntry("Added dependency on ", " to ", dep.dependencyPath, dep.usedByPath, dep.usedByType.toLowerCase(), dep.dependencyType.toLowerCase()));

        } else {
            li.appendChild(createListEntry("Removed dependency on ", " from ", dep.dependencyPath, dep.usedByPath, dep.usedByType.toLowerCase(), dep.dependencyType.toLowerCase()));
        }
        li.usedByType = dep.usedByType;
        li.dependencyType = dep.dependencyType;
        dependencyList.appendChild(li);
    });

    // to apply initial scope selection
    search();

    var pomTable = document.getElementById("pomTable");
    data_pom.forEach(pdep => {
        var tr = document.createElement(("TR"));
        var td = document.createElement("TD");
        td.innerText = pdep.toProject;
        tr.appendChild(td);

        td = document.createElement("TD");
        td.innerText = (pdep.newVersion === null)? "DELETED": (pdep.updated === false)? "[NEW] " + pdep.newVersion: pdep.newVersion;
        tr.appendChild(td);
        pomTable.appendChild(tr);
    });

    function createListEntry(firstText, secondText, dependencyPath, usedByPath, usedByType, dependencyType) {
        var fieldSet = document.createElement("FIELDSET");
        var b;
        var divDep = document.createElement("DIV");
        var divUsedBy = document.createElement("DIV");
        var span;
        var legend = document.createElement("LEGEND");

        legend.innerHTML = usedByType + " >>>>> " + dependencyType;
        fieldSet.appendChild(legend);
        divDep.setAttribute("ID", "content");
        divUsedBy.setAttribute("ID", "content");

        b = document.createElement("B");
        b.innerHTML = firstText;

        divDep.appendChild(b);
        span = document.createElement("SPAN");
        span.setAttribute("id", "highlight");
        span.innerText = dependencyPath;
        divDep.appendChild(span);
        fieldSet.appendChild(divDep);

        b = document.createElement("B");
        b.innerHTML = secondText;

        divUsedBy.appendChild(b);
        span = document.createElement("SPAN");
        span.setAttribute("id", "highlight");
        span.innerText = usedByPath;
        divUsedBy.appendChild(span);
        fieldSet.appendChild(divUsedBy);
        return fieldSet;
    }
</script>
</body>
</html>
